=== 01-placeholders.csv: status ok, exit code 0
10 read, 3 passed, 7 rejected, 0 dropped

--- Rejected rows of 01-placeholders.csv (7)
sku     name         price   stock   valid_from  _gseq_reject_id     _gseq_run_id      _gseq_record_key    _gseq_row_key       _gseq_error_count  _gseq_source         _gseq_sheet  _gseq_line  _gseq_offset  _gseq_cell  _gseq_step  _gseq_column  _gseq_value  _gseq_reason                   _gseq_prev_reason  _gseq_code        _gseq_raw_line
A-102   Mutter M6    n/a     800     27.09.2026  run0000000000001-1  run0000000000001  0b8d194d0f73b3c2    0b8d194d0f73b3c2    1                  01-placeholders.csv  <null>       4           110           <null>      cast_all    price         n/a          not a number: "n/a"            <null>             parse             <null>
<null>  <null>       <null>  <null>  <null>      run0000000000001-2  run0000000000001  88190a84f9a5d28f:7  88190a84f9a5d28f:7  1                  01-placeholders.csv  <null>       7           219           <null>      read        <null>        <null>       bare " in non-quoted-field     <null>             unparseable_line  A-105;Dübel 5/16";0.05;400;27.09.2026
A-103   Mutter M8    0.09    -       27.09.2026  run0000000000001-3  run0000000000001  c662bdfc56dd363b    c662bdfc56dd363b    1                  01-placeholders.csv  <null>       5           145           <null>      cast_all    stock         -            not an integer: "-"            <null>             parse             <null>
A-104   Scheibe 6mm   0.03   2000    27.09.2026  run0000000000001-4  run0000000000001  ce6b969e72266c4b    ce6b969e72266c4b    1                  01-placeholders.csv  <null>       6           179           <null>      cast_all    price          0.03        not a number: " 0.03"          <null>             parse             <null>
<null>  <null>       <null>  <null>  <null>      run0000000000001-5  run0000000000001  88190a84f9a5d28f:8  88190a84f9a5d28f:8  1                  01-placeholders.csv  <null>       8           258           <null>      read        <null>        <null>       line has 4 fields, want 5      <null>             unparseable_line  A-106;Dübel 10mm;0.07;27.09.2026
<null>  <null>       <null>  <null>  <null>      run0000000000001-6  run0000000000001  88190a84f9a5d28f:9  88190a84f9a5d28f:9  1                  01-placeholders.csv  <null>       9           292           <null>      read        name          <null>       field is larger than 64 bytes  <null>             field_too_large   A-107;Schraube M8x40 verzinkt DIN 933 (Restposten) (Restposten) 
A-108   Winkel 40mm  n/a     30      2026-09-27  run0000000000001-7  run0000000000001  2a2c2ec176c1ffa0    2a2c2ec176c1ffa0    2                  01-placeholders.csv  <null>       10          429           <null>      cast_all    price         n/a          not a number: "n/a"            <null>             parse             <null>

--- Overview
_gseq_reject_id     _gseq_run_id      _gseq_record_key    _gseq_row_key       _gseq_error_count  _gseq_source         _gseq_sheet  _gseq_line  _gseq_offset  _gseq_cell  _gseq_step  _gseq_column  _gseq_value  _gseq_reason                                     _gseq_prev_reason  _gseq_code        _gseq_raw_line
run0000000000001-1  run0000000000001  0b8d194d0f73b3c2    0b8d194d0f73b3c2    1                  01-placeholders.csv  <null>       4           110           <null>      cast_all    price         n/a          not a number: "n/a"                              <null>             parse             <null>
run0000000000001-2  run0000000000001  88190a84f9a5d28f:7  88190a84f9a5d28f:7  1                  01-placeholders.csv  <null>       7           219           <null>      read        <null>        <null>       bare " in non-quoted-field                       <null>             unparseable_line  A-105;Dübel 5/16";0.05;400;27.09.2026
run0000000000001-3  run0000000000001  c662bdfc56dd363b    c662bdfc56dd363b    1                  01-placeholders.csv  <null>       5           145           <null>      cast_all    stock         -            not an integer: "-"                              <null>             parse             <null>
run0000000000001-4  run0000000000001  ce6b969e72266c4b    ce6b969e72266c4b    1                  01-placeholders.csv  <null>       6           179           <null>      cast_all    price          0.03        not a number: " 0.03"                            <null>             parse             <null>
run0000000000001-5  run0000000000001  88190a84f9a5d28f:8  88190a84f9a5d28f:8  1                  01-placeholders.csv  <null>       8           258           <null>      read        <null>        <null>       line has 4 fields, want 5                        <null>             unparseable_line  A-106;Dübel 10mm;0.07;27.09.2026
run0000000000001-6  run0000000000001  88190a84f9a5d28f:9  88190a84f9a5d28f:9  1                  01-placeholders.csv  <null>       9           292           <null>      read        name          <null>       field is larger than 64 bytes                    <null>             field_too_large   A-107;Schraube M8x40 verzinkt DIN 933 (Restposten) (Restposten) 
run0000000000001-7  run0000000000001  2a2c2ec176c1ffa0    2a2c2ec176c1ffa0    2                  01-placeholders.csv  <null>       10          429           <null>      cast_all    price         n/a          not a number: "n/a"                              <null>             parse             <null>
run0000000000001-7  run0000000000001  2a2c2ec176c1ffa0    2a2c2ec176c1ffa0    2                  01-placeholders.csv  <null>       10          429           <null>      cast_all    valid_from    2026-09-27   not a date in format "02.01.2006": "2026-09-27"  <null>             parse             <null>

--- Change report
kind           source               column  detail                                               count  examples
format_change  01-placeholders.csv  price   3 of 7 rows failed with code parse in step cast_all  3      "n/a", " 0.03"

=== 02-formats.csv: status ok, exit code 0
10 read, 3 passed, 7 rejected, 0 dropped

--- Rejected rows of 02-formats.csv (7)
sku    name         price  stock  valid_from  _gseq_reject_id     _gseq_run_id      _gseq_record_key  _gseq_row_key     _gseq_error_count  _gseq_source    _gseq_sheet  _gseq_line  _gseq_offset  _gseq_cell  _gseq_step  _gseq_column  _gseq_value  _gseq_reason          _gseq_prev_reason  _gseq_code  _gseq_raw_line
A-100  Schraube M6  0,12   1500   28.09.2026  run0000000000001-1  run0000000000001  a2886b953448b503  a2886b953448b503  1                  02-formats.csv  <null>       2           32            <null>      cast_all    price         0,12         not a number: "0,12"  <null>             parse       <null>
A-101  Schraube M8  0,18   1.200  28.09.2026  run0000000000001-2  run0000000000001  5a6dadac3d0fae8d  5a6dadac3d0fae8d  2                  02-formats.csv  <null>       3           71            <null>      cast_all    price         0,18         not a number: "0,18"  <null>             parse       <null>
A-102  Mutter M6    0,08   800    2026-09-28  run0000000000001-3  run0000000000001  0b8d194d0f73b3c2  0b8d194d0f73b3c2  2                  02-formats.csv  <null>       4           111           <null>      cast_all    price         0,08         not a number: "0,08"  <null>             parse       <null>
A-103  Mutter M8    0,09   650    28.09.2026  run0000000000001-4  run0000000000001  c662bdfc56dd363b  c662bdfc56dd363b  1                  02-formats.csv  <null>       5           147           <null>      cast_all    price         0,09         not a number: "0,09"  <null>             parse       <null>
A-104  Scheibe 6mm  0,03   2.000  2026-09-28  run0000000000001-5  run0000000000001  ce6b969e72266c4b  ce6b969e72266c4b  3                  02-formats.csv  <null>       6           183           <null>      cast_all    price         0,03         not a number: "0,03"  <null>             parse       <null>
A-105  Dübel 8mm    0,05   400    28.09.2026  run0000000000001-6  run0000000000001  8e1c4f89e7da0e6b  8e1c4f89e7da0e6b  1                  02-formats.csv  <null>       7           223           <null>      cast_all    price         0,05         not a number: "0,05"  <null>             parse       <null>
A-106  Dübel 10mm   0,07   350    2026-09-28  run0000000000001-7  run0000000000001  e1aeab28f3ab3159  e1aeab28f3ab3159  2                  02-formats.csv  <null>       8           260           <null>      cast_all    price         0,07         not a number: "0,07"  <null>             parse       <null>

--- Overview
_gseq_reject_id     _gseq_run_id      _gseq_record_key  _gseq_row_key     _gseq_error_count  _gseq_source    _gseq_sheet  _gseq_line  _gseq_offset  _gseq_cell  _gseq_step  _gseq_column  _gseq_value  _gseq_reason                                     _gseq_prev_reason  _gseq_code  _gseq_raw_line
run0000000000001-1  run0000000000001  a2886b953448b503  a2886b953448b503  1                  02-formats.csv  <null>       2           32            <null>      cast_all    price         0,12         not a number: "0,12"                             <null>             parse       <null>
run0000000000001-2  run0000000000001  5a6dadac3d0fae8d  5a6dadac3d0fae8d  2                  02-formats.csv  <null>       3           71            <null>      cast_all    price         0,18         not a number: "0,18"                             <null>             parse       <null>
run0000000000001-2  run0000000000001  5a6dadac3d0fae8d  5a6dadac3d0fae8d  2                  02-formats.csv  <null>       3           71            <null>      cast_all    stock         1.200        not an integer: "1.200"                          <null>             parse       <null>
run0000000000001-3  run0000000000001  0b8d194d0f73b3c2  0b8d194d0f73b3c2  2                  02-formats.csv  <null>       4           111           <null>      cast_all    price         0,08         not a number: "0,08"                             <null>             parse       <null>
run0000000000001-3  run0000000000001  0b8d194d0f73b3c2  0b8d194d0f73b3c2  2                  02-formats.csv  <null>       4           111           <null>      cast_all    valid_from    2026-09-28   not a date in format "02.01.2006": "2026-09-28"  <null>             parse       <null>
run0000000000001-4  run0000000000001  c662bdfc56dd363b  c662bdfc56dd363b  1                  02-formats.csv  <null>       5           147           <null>      cast_all    price         0,09         not a number: "0,09"                             <null>             parse       <null>
run0000000000001-5  run0000000000001  ce6b969e72266c4b  ce6b969e72266c4b  3                  02-formats.csv  <null>       6           183           <null>      cast_all    price         0,03         not a number: "0,03"                             <null>             parse       <null>
run0000000000001-5  run0000000000001  ce6b969e72266c4b  ce6b969e72266c4b  3                  02-formats.csv  <null>       6           183           <null>      cast_all    stock         2.000        not an integer: "2.000"                          <null>             parse       <null>
run0000000000001-5  run0000000000001  ce6b969e72266c4b  ce6b969e72266c4b  3                  02-formats.csv  <null>       6           183           <null>      cast_all    valid_from    2026-09-28   not a date in format "02.01.2006": "2026-09-28"  <null>             parse       <null>
run0000000000001-6  run0000000000001  8e1c4f89e7da0e6b  8e1c4f89e7da0e6b  1                  02-formats.csv  <null>       7           223           <null>      cast_all    price         0,05         not a number: "0,05"                             <null>             parse       <null>
run0000000000001-7  run0000000000001  e1aeab28f3ab3159  e1aeab28f3ab3159  2                  02-formats.csv  <null>       8           260           <null>      cast_all    price         0,07         not a number: "0,07"                             <null>             parse       <null>
run0000000000001-7  run0000000000001  e1aeab28f3ab3159  e1aeab28f3ab3159  2                  02-formats.csv  <null>       8           260           <null>      cast_all    valid_from    2026-09-28   not a date in format "02.01.2006": "2026-09-28"  <null>             parse       <null>

--- Change report
kind           source          column      detail                                                count  examples
format_change  02-formats.csv  price       7 of 10 rows failed with code parse in step cast_all  7      "0,12", "0,18", "0,08", "0,09", "0,03"
format_change  02-formats.csv  stock       2 of 10 rows failed with code parse in step cast_all  2      "1.200", "2.000"
format_change  02-formats.csv  valid_from  3 of 10 rows failed with code parse in step cast_all  3      "2026-09-28"

=== 03-columns.csv: status delivery_error, exit code 3
4 read, 0 passed, 4 rejected, 0 dropped
cause delivery_error: delivery error missing_column in 03-columns.csv: column "name" is missing from the delivery

--- Rejected rows of 03-columns.csv (4)
sku    Name         price  Valid From  comment           _gseq_reject_id     _gseq_run_id      _gseq_record_key  _gseq_row_key     _gseq_error_count  _gseq_source    _gseq_sheet  _gseq_line  _gseq_offset  _gseq_cell  _gseq_step  _gseq_column  _gseq_value  _gseq_reason                                _gseq_prev_reason  _gseq_code      _gseq_raw_line
A-100  Schraube M6  0.12   29.09.2026                    run0000000000001-1  run0000000000001  a2886b953448b503  a2886b953448b503  3                  03-columns.csv  <null>       2           34            <null>      read        name          <null>       column "name" is missing from the delivery  <null>             missing_column  <null>
A-101  Schraube M8  0.18   29.09.2026  neu im Sortiment  run0000000000001-2  run0000000000001  5a6dadac3d0fae8d  5a6dadac3d0fae8d  3                  03-columns.csv  <null>       3           69            <null>      read        name          <null>       column "name" is missing from the delivery  <null>             missing_column  <null>
A-102  Mutter M6    0.08   29.09.2026                    run0000000000001-3  run0000000000001  0b8d194d0f73b3c2  0b8d194d0f73b3c2  3                  03-columns.csv  <null>       4           120           <null>      read        name          <null>       column "name" is missing from the delivery  <null>             missing_column  <null>
A-103  Mutter M8    0.09   29.09.2026  Preis vorläufig   run0000000000001-4  run0000000000001  c662bdfc56dd363b  c662bdfc56dd363b  3                  03-columns.csv  <null>       5           153           <null>      read        name          <null>       column "name" is missing from the delivery  <null>             missing_column  <null>

--- Overview
_gseq_reject_id     _gseq_run_id      _gseq_record_key  _gseq_row_key     _gseq_error_count  _gseq_source    _gseq_sheet  _gseq_line  _gseq_offset  _gseq_cell  _gseq_step  _gseq_column  _gseq_value  _gseq_reason                                      _gseq_prev_reason  _gseq_code      _gseq_raw_line
run0000000000001-1  run0000000000001  a2886b953448b503  a2886b953448b503  3                  03-columns.csv  <null>       2           34            <null>      read        name          <null>       column "name" is missing from the delivery        <null>             missing_column  <null>
run0000000000001-1  run0000000000001  a2886b953448b503  a2886b953448b503  3                  03-columns.csv  <null>       2           34            <null>      read        stock         <null>       column "stock" is missing from the delivery       <null>             missing_column  <null>
run0000000000001-1  run0000000000001  a2886b953448b503  a2886b953448b503  3                  03-columns.csv  <null>       2           34            <null>      read        valid_from    <null>       column "valid_from" is missing from the delivery  <null>             missing_column  <null>
run0000000000001-2  run0000000000001  5a6dadac3d0fae8d  5a6dadac3d0fae8d  3                  03-columns.csv  <null>       3           69            <null>      read        name          <null>       column "name" is missing from the delivery        <null>             missing_column  <null>
run0000000000001-2  run0000000000001  5a6dadac3d0fae8d  5a6dadac3d0fae8d  3                  03-columns.csv  <null>       3           69            <null>      read        stock         <null>       column "stock" is missing from the delivery       <null>             missing_column  <null>
run0000000000001-2  run0000000000001  5a6dadac3d0fae8d  5a6dadac3d0fae8d  3                  03-columns.csv  <null>       3           69            <null>      read        valid_from    <null>       column "valid_from" is missing from the delivery  <null>             missing_column  <null>
run0000000000001-3  run0000000000001  0b8d194d0f73b3c2  0b8d194d0f73b3c2  3                  03-columns.csv  <null>       4           120           <null>      read        name          <null>       column "name" is missing from the delivery        <null>             missing_column  <null>
run0000000000001-3  run0000000000001  0b8d194d0f73b3c2  0b8d194d0f73b3c2  3                  03-columns.csv  <null>       4           120           <null>      read        stock         <null>       column "stock" is missing from the delivery       <null>             missing_column  <null>
run0000000000001-3  run0000000000001  0b8d194d0f73b3c2  0b8d194d0f73b3c2  3                  03-columns.csv  <null>       4           120           <null>      read        valid_from    <null>       column "valid_from" is missing from the delivery  <null>             missing_column  <null>
run0000000000001-4  run0000000000001  c662bdfc56dd363b  c662bdfc56dd363b  3                  03-columns.csv  <null>       5           153           <null>      read        name          <null>       column "name" is missing from the delivery        <null>             missing_column  <null>
run0000000000001-4  run0000000000001  c662bdfc56dd363b  c662bdfc56dd363b  3                  03-columns.csv  <null>       5           153           <null>      read        stock         <null>       column "stock" is missing from the delivery       <null>             missing_column  <null>
run0000000000001-4  run0000000000001  c662bdfc56dd363b  c662bdfc56dd363b  3                  03-columns.csv  <null>       5           153           <null>      read        valid_from    <null>       column "valid_from" is missing from the delivery  <null>             missing_column  <null>

--- Change report
kind              source          column      detail      count   examples
missing_column    03-columns.csv  name                    <null>  
missing_column    03-columns.csv  stock                   <null>  
missing_column    03-columns.csv  valid_from              <null>  
new_column        03-columns.csv  Name                    <null>  
new_column        03-columns.csv  Valid From              <null>  
new_column        03-columns.csv  comment                 <null>  
probably_renamed  03-columns.csv  name        Name        <null>  
probably_renamed  03-columns.csv  valid_from  Valid From  <null>  

=== 04-multisheet.xlsx: status ok, exit code 0
12 read, 5 passed, 7 rejected, 0 dropped

--- Rejected rows of 04-multisheet.xlsx#Artikel (3)
sku     name         valid_from  _gseq_reject_id     _gseq_run_id      _gseq_record_key    _gseq_row_key       _gseq_error_count  _gseq_source                _gseq_sheet  _gseq_line  _gseq_offset  _gseq_cell  _gseq_display  _gseq_step  _gseq_column  _gseq_value  _gseq_reason                  _gseq_prev_reason  _gseq_code       _gseq_raw_line
A-101   Schraube M8  29.09.2026  run0000000000001-1  run0000000000001  5a6dadac3d0fae8d    5a6dadac3d0fae8d    1                  04-multisheet.xlsx#Artikel  Artikel      3           <null>        C3          29.09.2026     cast        valid_from    29.09.2026   not a date: "29.09.2026"      <null>             parse            <null>
A-102   Mutter M6    20260929    run0000000000001-2  run0000000000001  0b8d194d0f73b3c2    0b8d194d0f73b3c2    1                  04-multisheet.xlsx#Artikel  Artikel      4           <null>        C4          20260929       cast        valid_from    20260929     not a date: "20260929"        <null>             parse            <null>
<null>  <null>       <null>      run0000000000001-3  run0000000000001  9b4c964b980e698a:5  9b4c964b980e698a:5  1                  04-multisheet.xlsx#Artikel  Artikel      5           <null>        B5                         read        name          <null>       cell is larger than 64 bytes  <null>             field_too_large  <null>

--- Rejected rows of 04-multisheet.xlsx#Preise (4)
sku    price  stock  _gseq_reject_id     _gseq_run_id      _gseq_record_key  _gseq_row_key     _gseq_error_count  _gseq_source               _gseq_sheet  _gseq_line  _gseq_offset  _gseq_cell  _gseq_display  _gseq_step  _gseq_column  _gseq_value  _gseq_reason             _gseq_prev_reason  _gseq_code  _gseq_raw_line
A-101  0,18   1200   run0000000000002-1  run0000000000002  5a6dadac3d0fae8d  5a6dadac3d0fae8d  1                  04-multisheet.xlsx#Preise  Preise       3           <null>        B3          0,18           cast_all    price         0,18         not a number: "0,18"     <null>             parse       <null>
A-102  n/a    800    run0000000000002-2  run0000000000002  0b8d194d0f73b3c2  0b8d194d0f73b3c2  1                  04-multisheet.xlsx#Preise  Preise       4           <null>        B4          n/a            cast_all    price         n/a          not a number: "n/a"      <null>             parse       <null>
A-103  0.09   -      run0000000000002-3  run0000000000002  c662bdfc56dd363b  c662bdfc56dd363b  1                  04-multisheet.xlsx#Preise  Preise       5           <null>        C5          -              cast_all    stock         -            not an integer: "-"      <null>             parse       <null>
A-104  0.03    2000  run0000000000002-4  run0000000000002  ce6b969e72266c4b  ce6b969e72266c4b  1                  04-multisheet.xlsx#Preise  Preise       6           <null>        C6           2000          cast_all    stock          2000        not an integer: " 2000"  <null>             parse       <null>

--- Overview
_gseq_reject_id     _gseq_run_id      _gseq_record_key    _gseq_row_key       _gseq_error_count  _gseq_source                _gseq_sheet  _gseq_line  _gseq_offset  _gseq_cell  _gseq_display  _gseq_step  _gseq_column  _gseq_value  _gseq_reason                  _gseq_prev_reason  _gseq_code       _gseq_raw_line
run0000000000001-1  run0000000000001  5a6dadac3d0fae8d    5a6dadac3d0fae8d    1                  04-multisheet.xlsx#Artikel  Artikel      3           <null>        C3          29.09.2026     cast        valid_from    29.09.2026   not a date: "29.09.2026"      <null>             parse            <null>
run0000000000001-2  run0000000000001  0b8d194d0f73b3c2    0b8d194d0f73b3c2    1                  04-multisheet.xlsx#Artikel  Artikel      4           <null>        C4          20260929       cast        valid_from    20260929     not a date: "20260929"        <null>             parse            <null>
run0000000000001-3  run0000000000001  9b4c964b980e698a:5  9b4c964b980e698a:5  1                  04-multisheet.xlsx#Artikel  Artikel      5           <null>        B5                         read        name          <null>       cell is larger than 64 bytes  <null>             field_too_large  <null>
run0000000000002-1  run0000000000002  5a6dadac3d0fae8d    5a6dadac3d0fae8d    1                  04-multisheet.xlsx#Preise   Preise       3           <null>        B3          0,18           cast_all    price         0,18         not a number: "0,18"          <null>             parse            <null>
run0000000000002-2  run0000000000002  0b8d194d0f73b3c2    0b8d194d0f73b3c2    1                  04-multisheet.xlsx#Preise   Preise       4           <null>        B4          n/a            cast_all    price         n/a          not a number: "n/a"           <null>             parse            <null>
run0000000000002-3  run0000000000002  c662bdfc56dd363b    c662bdfc56dd363b    1                  04-multisheet.xlsx#Preise   Preise       5           <null>        C5          -              cast_all    stock         -            not an integer: "-"           <null>             parse            <null>
run0000000000002-4  run0000000000002  ce6b969e72266c4b    ce6b969e72266c4b    1                  04-multisheet.xlsx#Preise   Preise       6           <null>        C6           2000          cast_all    stock          2000        not an integer: " 2000"       <null>             parse            <null>

--- Change report
kind           source                      column      detail                                           count  examples
format_change  04-multisheet.xlsx#Artikel  valid_from  2 of 5 rows failed with code parse in step cast  2      "29.09.2026", "20260929"

